// Jest Snapshot v1, https://goo.gl/fbAQLP

exports[`FormRadioInput renders 1`] = `
<div>
  <div
    class="c-FormRadioInput"
  >
    <fieldset>
      <legend
        class="c-FormLabel"
      >
        <div
          class="c-FormLabel__Label"
        >
          <span>
            form radio input
          </span>
          <span
            class="c-FormLabel__Secondary"
          >
            secondary display name
          </span>
        </div>
      </legend>
      <div
        class="c-FormRadioInput__Options"
      >
        <div
          class="c-FormRadioInput__Option"
        >
          <input
            class="c-FormRadioInput__Input "
            data-testid="form-radio-input_0"
            id="form-radio-input0"
            name="form-radio-input"
            type="radio"
            value="0"
          />
          <label
            class="c-FormLabel"
            for="form-radio-input0"
          >
            <div
              class="c-FormLabel__Label"
            >
              <span>
                first
              </span>
            </div>
          </label>
        </div>
        <div
          class="c-FormRadioInput__Option"
        >
          <input
            class="c-FormRadioInput__Input c-FormRadioInput__Input_checked"
            data-testid="form-radio-input_1"
            id="form-radio-input1"
            name="form-radio-input"
            type="radio"
            value="1"
          />
          <label
            class="c-FormLabel"
            for="form-radio-input1"
          >
            <div
              class="c-FormLabel__Label"
            >
              <span>
                second
              </span>
            </div>
          </label>
        </div>
      </div>
    </fieldset>
  </div>
</div>
`;
