// Jest Snapshot v1, https://goo.gl/fbAQLP

exports[`FormMultiselect renders 1`] = `
<div>
  <div
    class="c-FormMultiselect"
  >
    <div>
      <label
        class="c-FormLabel"
        for="form-multiselect_0"
      >
        <div
          class="c-FormLabel__Label"
        >
          <span>
            form multiselect n°1
          </span>
        </div>
      </label>
      <div
        class="o-SelectWrapper"
      >
        <select
          aria-errormessage="form-multiselect_0_error"
          aria-invalid="false"
          class="o-SelectWrapper__Select o-SelectWrapper__Select_placeholder "
          data-testid="form-multiselect_0"
          id="form-multiselect_0"
          name="form-multiselect_0"
        >
          <option
            value="-1"
          >
            - Sélectionnez un élément -
          </option>
          <option
            class="o-SelectWrapper__Option"
            value="0"
          >
            -content 1
          </option>
          <option
            class="o-SelectWrapper__Option"
            value="1"
          >
            -content 2
          </option>
        </select>
      </div>
    </div>
    <div>
      <label
        class="c-FormLabel"
        for="form-multiselect_1"
      >
        <div
          class="c-FormLabel__Label"
        >
          <span>
            form multiselect n°2
          </span>
        </div>
      </label>
      <div
        class="o-SelectWrapper"
      >
        <select
          aria-errormessage="form-multiselect_1_error"
          aria-invalid="false"
          class="o-SelectWrapper__Select o-SelectWrapper__Select_placeholder "
          data-testid="form-multiselect_1"
          id="form-multiselect_1"
          name="form-multiselect_1"
        >
          <option
            value="-1"
          >
            - Sélectionnez un élément -
          </option>
          <option
            class="o-SelectWrapper__Option"
            value="0"
          >
            -content 1
          </option>
          <option
            class="o-SelectWrapper__Option"
            value="1"
          >
            -content 2
          </option>
        </select>
      </div>
    </div>
  </div>
</div>
`;
