// Jest Snapshot v1, https://goo.gl/fbAQLP

exports[`FormServiceLinks renders 1`] = `
<div>
  <div
    class="c-FormServiceLinks"
  >
    <div
      class="c-FormLabel"
    >
      <label
        class="c-FormLabel__LabelWrapper"
      >
        <span
          class="c-FormLabel__Label"
        >
          label
        </span>
      </label>
    </div>
    <ul
      class="c-FormServiceLinksList"
    >
      <div>
        <li
          class="c-FormServiceLinksList__Row"
          data-flip-config="{"translate":true,"scale":true,"opacity":true}"
          data-flip-id="ComponentLinksFrees_Valoriser mes déchets"
          data-portal-key="portal"
        >
          <div
            class="c-FormServiceLinksRow__Info"
          >
            <img
              alt="Picto"
              class="c-FormServiceLinksRow__Picto"
              data-nimg="1"
              decoding="async"
              height="24"
              loading="lazy"
              src="/images/pictos/default.svg"
              style="color: transparent;"
              width="24"
            />
            <span>
              Valoriser mes déchets
            </span>
          </div>
          <div
            class="c-FormServiceLinksRow__Actions"
          >
            <button
              class="c-FormServiceLinksRow__Action c-FormServiceLinksRow__Action_edit"
              title="Modifier"
              type="button"
            >
              <span
                aria-label="Modifier"
                class="u-VisuallyHidden"
                role="img"
              >
                Modifier
              </span>
            </button>
            <button
              class="c-FormServiceLinksRow__Action c-FormServiceLinksRow__Action_eye"
              title="Cacher"
              type="button"
            >
              <span
                aria-label="Cacher"
                class="u-VisuallyHidden"
                role="img"
              >
                Cacher
              </span>
            </button>
            <button
              class="c-FormServiceLinksRow__Action c-FormServiceLinksRow__Action_arrowUp c-FormServiceLinksRow__Action_disabled"
              disabled=""
              title="Monter"
              type="button"
            >
              <span
                aria-label="Monter"
                class="u-VisuallyHidden"
                role="img"
              >
                Monter
              </span>
            </button>
            <button
              class="c-FormServiceLinksRow__Action c-FormServiceLinksRow__Action_arrowDown"
              title="Baisser"
              type="button"
            >
              <span
                aria-label="Baisser"
                class="u-VisuallyHidden"
                role="img"
              >
                Baisser
              </span>
            </button>
          </div>
        </li>
      </div>
      <div>
        <li
          class="c-FormServiceLinksList__Row"
          data-flip-config="{"translate":true,"scale":true,"opacity":true}"
          data-flip-id="ComponentLinksContactUs_Contact"
          data-portal-key="portal"
        >
          <div
            class="c-FormServiceLinksRow__Info"
          >
            <img
              alt="Picto"
              class="c-FormServiceLinksRow__Picto"
              data-nimg="1"
              decoding="async"
              height="24"
              loading="lazy"
              src="/images/pictos/default.svg"
              style="color: transparent;"
              width="24"
            />
            <span>
              Contact
            </span>
          </div>
          <div
            class="c-FormServiceLinksRow__Actions"
          >
            <button
              class="c-FormServiceLinksRow__Action c-FormServiceLinksRow__Action_edit"
              title="Modifier"
              type="button"
            >
              <span
                aria-label="Modifier"
                class="u-VisuallyHidden"
                role="img"
              >
                Modifier
              </span>
            </button>
            <button
              class="c-FormServiceLinksRow__Action c-FormServiceLinksRow__Action_eye"
              title="Cacher"
              type="button"
            >
              <span
                aria-label="Cacher"
                class="u-VisuallyHidden"
                role="img"
              >
                Cacher
              </span>
            </button>
            <button
              class="c-FormServiceLinksRow__Action c-FormServiceLinksRow__Action_arrowUp"
              title="Monter"
              type="button"
            >
              <span
                aria-label="Monter"
                class="u-VisuallyHidden"
                role="img"
              >
                Monter
              </span>
            </button>
            <button
              class="c-FormServiceLinksRow__Action c-FormServiceLinksRow__Action_arrowDown"
              title="Baisser"
              type="button"
            >
              <span
                aria-label="Baisser"
                class="u-VisuallyHidden"
                role="img"
              >
                Baisser
              </span>
            </button>
          </div>
        </li>
      </div>
      <div>
        <li
          class="c-FormServiceLinksList__Row"
          data-flip-config="{"translate":true,"scale":true,"opacity":true}"
          data-flip-id="ComponentLinksRecyclingGuide_Guide du tri"
          data-portal-key="portal"
        >
          <div
            class="c-FormServiceLinksRow__Info"
          >
            <img
              alt="Picto"
              class="c-FormServiceLinksRow__Picto"
              data-nimg="1"
              decoding="async"
              height="24"
              loading="lazy"
              src="/images/pictos/default.svg"
              style="color: transparent;"
              width="24"
            />
            <span>
              Guide du tri
            </span>
          </div>
          <div
            class="c-FormServiceLinksRow__Actions"
          >
            <button
              class="c-FormServiceLinksRow__Action c-FormServiceLinksRow__Action_edit"
              title="Modifier"
              type="button"
            >
              <span
                aria-label="Modifier"
                class="u-VisuallyHidden"
                role="img"
              >
                Modifier
              </span>
            </button>
            <button
              class="c-FormServiceLinksRow__Action c-FormServiceLinksRow__Action_eye"
              title="Cacher"
              type="button"
            >
              <span
                aria-label="Cacher"
                class="u-VisuallyHidden"
                role="img"
              >
                Cacher
              </span>
            </button>
            <button
              class="c-FormServiceLinksRow__Action c-FormServiceLinksRow__Action_arrowUp"
              title="Monter"
              type="button"
            >
              <span
                aria-label="Monter"
                class="u-VisuallyHidden"
                role="img"
              >
                Monter
              </span>
            </button>
            <button
              class="c-FormServiceLinksRow__Action c-FormServiceLinksRow__Action_arrowDown c-FormServiceLinksRow__Action_disabled"
              disabled=""
              title="Baisser"
              type="button"
            >
              <span
                aria-label="Baisser"
                class="u-VisuallyHidden"
                role="img"
              >
                Baisser
              </span>
            </button>
          </div>
        </li>
      </div>
    </ul>
  </div>
</div>
`;
