// Jest Snapshot v1, https://goo.gl/fbAQLP

exports[`FormServiceLinks renders 1`] = `
<div>
  <div
    class="c-FormServiceLinks"
  >
    <div
      class="c-FormLabel"
    >
      <label
        class="c-FormLabel__LabelWrapper"
      >
        <span
          class="c-FormLabel__Label"
        >
          label
        </span>
      </label>
    </div>
    <ul
      class="c-FormServiceLinksList"
    >
      <div>
        <li
          class="c-FormServiceLinksList__Row"
          data-flip-config="{"translate":true,"scale":true,"opacity":true}"
          data-flip-id="ComponentLinksFrees_Valoriser mes déchets"
          data-portal-key="portal"
        >
          <div
            class="c-FormServiceLinksRow__Info"
          >
            <img
              alt=""
              class="c-FormServiceLinksRow__Picto"
              data-nimg="1"
              decoding="async"
              height="24"
              loading="lazy"
              src="/images/pictos/default.svg"
              style="color: transparent;"
              width="24"
            />
            <span>
              Valoriser mes déchets
            </span>
          </div>
          <div
            class="c-FormServiceLinksRow__Actions"
          >
            <button
              class="c-FormServiceLinksRow__Action"
              type="button"
            >
              <img
                alt=""
                data-nimg="1"
                decoding="async"
                height="16"
                loading="lazy"
                src="/images/pictos/edit.svg"
                style="color: transparent;"
                width="16"
              />
            </button>
            <button
              class="c-FormServiceLinksRow__Action"
              type="button"
            >
              <img
                alt=""
                data-nimg="1"
                decoding="async"
                height="16"
                loading="lazy"
                src="/images/pictos/view.svg"
                style="color: transparent;"
                width="16"
              />
            </button>
            <button
              class="c-FormServiceLinksRow__Action c-FormServiceLinksRow__Action_disabled"
              disabled=""
              type="button"
            >
              <img
                alt=""
                data-nimg="1"
                decoding="async"
                height="16"
                loading="lazy"
                src="/images/pictos/arrow-down.svg"
                style="color: transparent; transform: rotate(180deg);"
                width="16"
              />
            </button>
            <button
              class="c-FormServiceLinksRow__Action"
              type="button"
            >
              <img
                alt=""
                data-nimg="1"
                decoding="async"
                height="16"
                loading="lazy"
                src="/images/pictos/arrow-down.svg"
                style="color: transparent;"
                width="16"
              />
            </button>
          </div>
        </li>
      </div>
      <div>
        <li
          class="c-FormServiceLinksList__Row"
          data-flip-config="{"translate":true,"scale":true,"opacity":true}"
          data-flip-id="ComponentLinksContactUs_Contact"
          data-portal-key="portal"
        >
          <div
            class="c-FormServiceLinksRow__Info"
          >
            <img
              alt=""
              class="c-FormServiceLinksRow__Picto"
              data-nimg="1"
              decoding="async"
              height="24"
              loading="lazy"
              src="/images/pictos/default.svg"
              style="color: transparent;"
              width="24"
            />
            <span>
              Contact
            </span>
          </div>
          <div
            class="c-FormServiceLinksRow__Actions"
          >
            <button
              class="c-FormServiceLinksRow__Action"
              type="button"
            >
              <img
                alt=""
                data-nimg="1"
                decoding="async"
                height="16"
                loading="lazy"
                src="/images/pictos/edit.svg"
                style="color: transparent;"
                width="16"
              />
            </button>
            <button
              class="c-FormServiceLinksRow__Action"
              type="button"
            >
              <img
                alt=""
                data-nimg="1"
                decoding="async"
                height="16"
                loading="lazy"
                src="/images/pictos/view.svg"
                style="color: transparent;"
                width="16"
              />
            </button>
            <button
              class="c-FormServiceLinksRow__Action"
              type="button"
            >
              <img
                alt=""
                data-nimg="1"
                decoding="async"
                height="16"
                loading="lazy"
                src="/images/pictos/arrow-down.svg"
                style="color: transparent; transform: rotate(180deg);"
                width="16"
              />
            </button>
            <button
              class="c-FormServiceLinksRow__Action"
              type="button"
            >
              <img
                alt=""
                data-nimg="1"
                decoding="async"
                height="16"
                loading="lazy"
                src="/images/pictos/arrow-down.svg"
                style="color: transparent;"
                width="16"
              />
            </button>
          </div>
        </li>
      </div>
      <div>
        <li
          class="c-FormServiceLinksList__Row"
          data-flip-config="{"translate":true,"scale":true,"opacity":true}"
          data-flip-id="ComponentLinksRecycling_Guide du tri"
          data-portal-key="portal"
        >
          <div
            class="c-FormServiceLinksRow__Info"
          >
            <img
              alt=""
              class="c-FormServiceLinksRow__Picto"
              data-nimg="1"
              decoding="async"
              height="24"
              loading="lazy"
              src="/images/pictos/default.svg"
              style="color: transparent;"
              width="24"
            />
            <span>
              Guide du tri
            </span>
          </div>
          <div
            class="c-FormServiceLinksRow__Actions"
          >
            <button
              class="c-FormServiceLinksRow__Action"
              type="button"
            >
              <img
                alt=""
                data-nimg="1"
                decoding="async"
                height="16"
                loading="lazy"
                src="/images/pictos/edit.svg"
                style="color: transparent;"
                width="16"
              />
            </button>
            <button
              class="c-FormServiceLinksRow__Action"
              type="button"
            >
              <img
                alt=""
                data-nimg="1"
                decoding="async"
                height="16"
                loading="lazy"
                src="/images/pictos/view.svg"
                style="color: transparent;"
                width="16"
              />
            </button>
            <button
              class="c-FormServiceLinksRow__Action"
              type="button"
            >
              <img
                alt=""
                data-nimg="1"
                decoding="async"
                height="16"
                loading="lazy"
                src="/images/pictos/arrow-down.svg"
                style="color: transparent; transform: rotate(180deg);"
                width="16"
              />
            </button>
            <button
              class="c-FormServiceLinksRow__Action c-FormServiceLinksRow__Action_disabled"
              disabled=""
              type="button"
            >
              <img
                alt=""
                data-nimg="1"
                decoding="async"
                height="16"
                loading="lazy"
                src="/images/pictos/arrow-down.svg"
                style="color: transparent;"
                width="16"
              />
            </button>
          </div>
        </li>
      </div>
    </ul>
  </div>
</div>
`;
