// Jest Snapshot v1, https://goo.gl/fbAQLP

exports[`FormModalButtonInput renders 1`] = `
<div>
  <div
    class="c-FormModalButtonInput"
    data-testid="form-modal-input"
  >
    <div
      class="c-FormLabel"
    >
      <label
        class="c-FormLabel__LabelWrapper"
        for="form-modal-input"
      >
        <span
          class="c-FormLabel__Label"
        >
          form modal input
        </span>
      </label>
    </div>
    <input
      disabled=""
      name="form-modal-input"
      type="hidden"
    />
    <div
      class="c-FormModalButtonInput__Container"
    >
      <div
        aria-errormessage="form-modal-input_error"
        aria-invalid="false"
      >
        <button
          class="c-CommonButton c-CommonButton_secondary c-CommonButton_fontSmall"
          id="form-modal-input"
          type="button"
        >
          button label
        </button>
      </div>
    </div>
  </div>
</div>
`;
