// Jest Snapshot v1, https://goo.gl/fbAQLP

exports[`renders 1`] = `
<div>
  <div
    class="c-LeafletMap"
  >
    <div
      data-testid="map-container"
    />
    <button
      class="c-LeafletMap__Button"
    >
      Récupérer Adresses
    </button>
    ;
    <div
      class="c-LeafletMap__Results"
    >
      Résultats (
      0
      ) :
    </div>
    ;
  </div>
</div>
`;
