// Jest Snapshot v1, https://goo.gl/fbAQLP

exports[`Header renders 1`] = `
<div>
  <header
    class="c-HeaderTopBar"
    data-testid="top-bar"
    role="banner"
  >
    <div
      class="c-HeaderTopBar__Item c-HeaderTopBar__Logo"
    >
      <a
        href="/"
      >
        [Logo Collectivité]
      </a>
    </div>
    <ul
      class="c-HeaderTopBar__List"
    >
      <li
        class="c-HeaderTopBar__Item"
        style="min-width: 151px;"
      >
        <a
          href="/"
        >
          [Client]
        </a>
      </li>
      <div
        aria-hidden="true"
        class="c-HeaderTopBar__Filler"
      />
      <li
        class="c-HeaderTopBar__Item"
        style="min-width: 316px;"
      >
        <a
          href="/"
        >
          [Recherche]
        </a>
      </li>
      <div
        aria-hidden="true"
        class="c-HeaderTopBar__Filler"
      />
      <li
        class="c-HeaderTopBar__Item"
        style="min-width: 115px;"
      >
        <a
          href="/"
        >
          [Site]
        </a>
      </li>
      <div
        aria-hidden="true"
        class="c-HeaderTopBar__Separator"
      />
      <li
        class="c-HeaderTopBar__Item"
      >
        <a
          href="/"
        >
          [Us]
        </a>
      </li>
    </ul>
  </header>
  <nav
    class="c-HeaderSideBar"
    data-testid="side-bar"
  >
    <ul
      class="c-NavigationList"
    >
      <li
        class="c-NavigationList__Item"
      >
        <div
          class="c-NavigationListMenu c-NavigationListMenu_open"
        >
          <a
            class="c-NavigationListMenu__Button"
            href="/"
          >
            <div
              class="c-NavigationListMenu__Picto"
            >
              <img
                alt=""
                data-nimg="1"
                decoding="async"
                height="18"
                loading="lazy"
                src="/images/pictos-temp/homepage.svg"
                srcset="/images/pictos-temp/homepage.svg 1x, /images/pictos-temp/homepage.svg 2x"
                style="color: transparent;"
                width="18"
              />
            </div>
            <span
              class="c-NavigationListMenu__Label"
            >
              Accueil
            </span>
          </a>
        </div>
      </li>
      <li
        class="c-NavigationList__Item"
      >
        <div
          class="c-NavigationListMenu c-NavigationListMenu_menu"
        >
          <button
            class="c-NavigationListMenu__Button"
          >
            <div
              class="c-NavigationListMenu__Picto"
            >
              <img
                alt=""
                data-nimg="1"
                decoding="async"
                height="18"
                loading="lazy"
                src="/images/pictos-temp/edito.svg"
                srcset="/images/pictos-temp/edito.svg 1x, /images/pictos-temp/edito.svg 2x"
                style="color: transparent;"
                width="18"
              />
            </div>
            <span
              class="c-NavigationListMenu__Label"
            >
              Edito
            </span>
          </button>
          <div
            class="c-NavigationListMenu__List"
          >
            <a
              class="c-NavigationListLink"
              href="/edito/bibliotheque-de-medias"
            >
              <span
                class="c-NavigationListLink__Label"
              >
                Bibliothèque de médias
              </span>
            </a>
            <p>
              link
            </p>
            <p>
              link
            </p>
            <p>
              link
            </p>
            <p>
              link
            </p>
            <p>
              link
            </p>
            <p>
              link
            </p>
            <p>
              link
            </p>
            <p>
              link
            </p>
            <p>
              link
            </p>
            <p>
              link
            </p>
            <p>
              link
            </p>
            <p>
              link
            </p>
            <p>
              link
            </p>
          </div>
        </div>
      </li>
      <li
        class="c-NavigationList__Item"
      >
        <div
          class="c-NavigationListMenu c-NavigationListMenu_menu"
        >
          <button
            class="c-NavigationListMenu__Button"
          >
            <div
              class="c-NavigationListMenu__Picto"
            >
              <img
                alt=""
                data-nimg="1"
                decoding="async"
                height="18"
                loading="lazy"
                src="/images/pictos-temp/services.svg"
                srcset="/images/pictos-temp/services.svg 1x, /images/pictos-temp/services.svg 2x"
                style="color: transparent;"
                width="18"
              />
            </div>
            <span
              class="c-NavigationListMenu__Label"
            >
              Services
            </span>
          </button>
          <div
            class="c-NavigationListMenu__List"
          >
            <a
              class="c-NavigationListLink"
              href="/services/points-collecte"
            >
              <span
                class="c-NavigationListLink__Label"
              >
                Points de collecte
              </span>
            </a>
            <a
              class="c-NavigationListLink"
              href="/services/guide-tri"
            >
              <span
                class="c-NavigationListLink__Label"
              >
                Guide du tri
              </span>
            </a>
            <a
              class="c-NavigationListLink"
              href="/services/jour-collecte"
            >
              <span
                class="c-NavigationListLink__Label"
              >
                Jour de collecte
              </span>
            </a>
            <a
              class="c-NavigationListLink"
              href="/services/demandes"
            >
              <span
                class="c-NavigationListLink__Label"
              >
                Demandes
              </span>
            </a>
            <a
              class="c-NavigationListLink"
              href="/services/yeswescan"
            >
              <span
                class="c-NavigationListLink__Label"
              >
                YesWeScan
              </span>
            </a>
            <a
              class="c-NavigationListLink"
              href="/services/alertes"
            >
              <span
                class="c-NavigationListLink__Label"
              >
                Alertes
              </span>
            </a>
          </div>
        </div>
      </li>
      <li
        class="c-NavigationList__Item"
      >
        <div
          class="c-NavigationListMenu c-NavigationListMenu_menu"
        >
          <button
            class="c-NavigationListMenu__Button"
          >
            <div
              class="c-NavigationListMenu__Picto"
            >
              <img
                alt=""
                data-nimg="1"
                decoding="async"
                height="18"
                loading="lazy"
                src="/images/pictos-temp/personnalisation.svg"
                srcset="/images/pictos-temp/personnalisation.svg 1x, /images/pictos-temp/personnalisation.svg 2x"
                style="color: transparent;"
                width="18"
              />
            </div>
            <span
              class="c-NavigationListMenu__Label"
            >
              Personnalisation
            </span>
          </button>
          <div
            class="c-NavigationListMenu__List"
          >
            <a
              class="c-NavigationListLink"
              href="/personnalisation/couleurs"
            >
              <span
                class="c-NavigationListLink__Label"
              >
                Couleurs, logo, lien
              </span>
            </a>
            <a
              class="c-NavigationListLink"
              href="/personnalisation/menu"
            >
              <span
                class="c-NavigationListLink__Label"
              >
                Menu
              </span>
            </a>
            <a
              class="c-NavigationListLink"
              href="/personnalisation/accueil"
            >
              <span
                class="c-NavigationListLink__Label"
              >
                Page d'accueil
              </span>
            </a>
            <a
              class="c-NavigationListLink"
              href="/personnalisation/footer"
            >
              <span
                class="c-NavigationListLink__Label"
              >
                Footer
              </span>
            </a>
            <a
              class="c-NavigationListLink"
              href="/personnalisation/types-conteneurs"
            >
              <span
                class="c-NavigationListLink__Label"
              >
                Types de conteneurs
              </span>
            </a>
            <a
              class="c-NavigationListLink"
              href="/personnalisation/types-apport"
            >
              <span
                class="c-NavigationListLink__Label"
              >
                Types de lieux d'apport
              </span>
            </a>
          </div>
        </div>
      </li>
      <li
        class="c-NavigationList__Item"
      >
        <div
          class="c-NavigationListMenu c-NavigationListMenu_menu"
        >
          <button
            class="c-NavigationListMenu__Button"
          >
            <div
              class="c-NavigationListMenu__Picto"
            >
              <img
                alt=""
                data-nimg="1"
                decoding="async"
                height="18"
                loading="lazy"
                src="/images/pictos-temp/sectorsAndUsers.svg"
                srcset="/images/pictos-temp/sectorsAndUsers.svg 1x, /images/pictos-temp/sectorsAndUsers.svg 2x"
                style="color: transparent;"
                width="18"
              />
            </div>
            <span
              class="c-NavigationListMenu__Label"
            >
              Secteurs et Usagers
            </span>
          </button>
          <div
            class="c-NavigationListMenu__List"
          >
            <p>
              link
            </p>
            <p>
              link
            </p>
            <p>
              link
            </p>
            <p>
              link
            </p>
            <p>
              link
            </p>
            <p>
              link
            </p>
          </div>
        </div>
      </li>
      <li
        class="c-NavigationList__Item"
      >
        <div
          class="c-NavigationListMenu c-NavigationListMenu_menu"
        >
          <button
            class="c-NavigationListMenu__Button"
          >
            <div
              class="c-NavigationListMenu__Picto"
            >
              <img
                alt=""
                data-nimg="1"
                decoding="async"
                height="18"
                loading="lazy"
                src="/images/pictos-temp/administration.svg"
                srcset="/images/pictos-temp/administration.svg 1x, /images/pictos-temp/administration.svg 2x"
                style="color: transparent;"
                width="18"
              />
            </div>
            <span
              class="c-NavigationListMenu__Label"
            >
              Gestion
            </span>
          </button>
          <div
            class="c-NavigationListMenu__List"
          >
            <p>
              link
            </p>
            <p>
              link
            </p>
            <p>
              link
            </p>
            <p>
              link
            </p>
          </div>
        </div>
      </li>
      <li
        class="c-NavigationList__Item"
      >
        <div
          class="c-NavigationListMenu"
        >
          <a
            class="c-NavigationListMenu__Button"
            href="/corbeille"
          >
            <div
              class="c-NavigationListMenu__Picto"
            >
              <img
                alt=""
                data-nimg="1"
                decoding="async"
                height="18"
                loading="lazy"
                src="/images/pictos-temp/bin.svg"
                srcset="/images/pictos-temp/bin.svg 1x, /images/pictos-temp/bin.svg 2x"
                style="color: transparent;"
                width="18"
              />
            </div>
            <span
              class="c-NavigationListMenu__Label"
            >
              Corbeille
            </span>
          </a>
        </div>
      </li>
    </ul>
    <div
      class="c-HeaderSideBar__Logo"
    >
      <a
        href="/"
      >
        [Logo MSD]
      </a>
    </div>
  </nav>
</div>
`;
