// Jest Snapshot v1, https://goo.gl/fbAQLP

exports[`Header renders 1`] = `
<div>
  <header
    class="c-HeaderTopBar"
    data-testid="top-bar"
    role="banner"
  >
    <div
      class="c-HeaderTopBar__Item c-HeaderTopBar__Logo"
    >
      <a
        href="/"
      >
        <img
          alt="logo suez"
          data-nimg="1"
          decoding="async"
          fetchpriority="high"
          height="56"
          src="/images/suez-logo.svg"
          style="color: transparent;"
          width="160"
        />
      </a>
    </div>
    <ul
      class="c-HeaderTopBar__List"
    >
      <div
        aria-hidden="true"
        class="c-HeaderTopBar__Filler"
      />
      <div
        aria-hidden="true"
        class="c-HeaderTopBar__Filler"
      />
      <div
        aria-hidden="true"
        class="c-HeaderTopBar__Separator"
      />
    </ul>
  </header>
  <nav
    class="c-HeaderSideBar"
    data-testid="side-bar"
  >
    <ul
      class="c-NavigationList"
    >
      <li
        class="c-NavigationList__Item"
      >
        <div
          class="c-NavigationListMenu c-NavigationListMenu_open"
        >
          <a
            class="c-NavigationListMenu__Button"
            href="null/"
          >
            <div
              class="c-NavigationListMenu__Picto c-NavigationListMenu__Picto_house"
            />
            <span
              class="c-NavigationListMenu__Label"
            >
              Accueil
            </span>
          </a>
        </div>
      </li>
      <li
        class="c-NavigationList__Item"
      >
        <div
          class="c-NavigationListMenu c-NavigationListMenu_menu"
        >
          <button
            class="c-NavigationListMenu__Button"
          >
            <div
              class="c-NavigationListMenu__Picto c-NavigationListMenu__Picto_dashboard"
            />
            <span
              class="c-NavigationListMenu__Label"
            >
              Services
            </span>
          </button>
          <div
            class="c-NavigationListMenu__List"
          >
            <a
              class="c-NavigationListLink"
              href="null/services/mon-compteur-dechets"
              style="cursor: default;"
            >
              <span
                class="c-NavigationListLink__Label c-NavigationListLink__Label_disabled"
              >
                Mon compteur déchets
              </span>
            </a>
          </div>
        </div>
      </li>
      <li
        class="c-NavigationList__Item"
      >
        <div
          class="c-NavigationListMenu c-NavigationListMenu_menu"
        >
          <button
            class="c-NavigationListMenu__Button"
          >
            <div
              class="c-NavigationListMenu__Picto c-NavigationListMenu__Picto_appWindowSettings"
            />
            <span
              class="c-NavigationListMenu__Label"
            >
              Personnalisation
            </span>
          </button>
          <div
            class="c-NavigationListMenu__List"
          >
            <a
              class="c-NavigationListLink"
              href="null/personnalisation/couleurs"
              style="cursor: default;"
            >
              <span
                class="c-NavigationListLink__Label c-NavigationListLink__Label_disabled"
              >
                Couleurs, logo, lien
              </span>
            </a>
            <a
              class="c-NavigationListLink"
              href="null/personnalisation/menu"
              style="cursor: default;"
            >
              <span
                class="c-NavigationListLink__Label c-NavigationListLink__Label_disabled"
              >
                Menu
              </span>
            </a>
            <a
              class="c-NavigationListLink"
              href="null/personnalisation/accueil"
              style="cursor: default;"
            >
              <span
                class="c-NavigationListLink__Label c-NavigationListLink__Label_disabled"
              >
                Page d'accueil
              </span>
            </a>
            <a
              class="c-NavigationListLink"
              href="null/personnalisation/footer"
              style="cursor: default;"
            >
              <span
                class="c-NavigationListLink__Label c-NavigationListLink__Label_disabled"
              >
                Footer
              </span>
            </a>
          </div>
        </div>
      </li>
      <li
        class="c-NavigationList__Item"
      >
        <div
          class="c-NavigationListMenu c-NavigationListMenu_menu"
        >
          <button
            class="c-NavigationListMenu__Button"
          >
            <div
              class="c-NavigationListMenu__Picto c-NavigationListMenu__Picto_pin"
            />
            <span
              class="c-NavigationListMenu__Label"
            >
              Secteurs et Usagers
            </span>
          </button>
          <div
            class="c-NavigationListMenu__List"
          >
            <a
              class="c-NavigationListLink"
              href="null/secteurs-usagers/secteurs"
              style="cursor: default;"
            >
              <span
                class="c-NavigationListLink__Label c-NavigationListLink__Label_disabled"
              >
                Secteurs
              </span>
            </a>
            <a
              class="c-NavigationListLink"
              href="null/secteurs-usagers/usagers"
              style="cursor: default;"
            >
              <span
                class="c-NavigationListLink__Label c-NavigationListLink__Label_disabled"
              >
                Usagers
              </span>
            </a>
          </div>
        </div>
      </li>
      <li
        class="c-NavigationList__Item"
      >
        <div
          class="c-NavigationListMenu c-NavigationListMenu_menu"
        >
          <button
            class="c-NavigationListMenu__Button"
          >
            <div
              class="c-NavigationListMenu__Picto c-NavigationListMenu__Picto_bank"
            />
            <span
              class="c-NavigationListMenu__Label"
            >
              Gestion
            </span>
          </button>
          <div
            class="c-NavigationListMenu__List"
          >
            <a
              class="c-NavigationListLink"
              href="null/gestion/informations"
              style="cursor: default;"
            >
              <span
                class="c-NavigationListLink__Label c-NavigationListLink__Label_disabled"
              >
                Informations
              </span>
            </a>
            <a
              class="c-NavigationListLink"
              href="null/gestion/territoire"
              style="cursor: default;"
            >
              <span
                class="c-NavigationListLink__Label c-NavigationListLink__Label_disabled"
              >
                Territoire
              </span>
            </a>
            <a
              class="c-NavigationListLink"
              href="null/gestion/flux"
              style="cursor: default;"
            >
              <span
                class="c-NavigationListLink__Label c-NavigationListLink__Label_disabled"
              >
                Activation des flux
              </span>
            </a>
            <a
              class="c-NavigationListLink"
              href="null/gestion/services"
              style="cursor: default;"
            >
              <span
                class="c-NavigationListLink__Label c-NavigationListLink__Label_disabled"
              >
                Activation des Services
              </span>
            </a>
            <a
              class="c-NavigationListLink"
              href="null/gestion/utilisateurs"
              style="cursor: default;"
            >
              <span
                class="c-NavigationListLink__Label c-NavigationListLink__Label_disabled"
              >
                Utilisateurs
              </span>
            </a>
          </div>
        </div>
      </li>
    </ul>
    <div
      class="c-HeaderSideBar__LogoContainer"
    >
      <a
        href="https://www.monservicedechets.com/"
      >
        <img
          alt="Aller sur https://www.monservicedechets.com/"
          class="c-HeaderSideBar__LogoSuez"
          data-nimg="1"
          decoding="async"
          height="72"
          loading="lazy"
          src="/images/monservicedechets-logo.svg"
          style="color: transparent;"
          width="150"
        />
      </a>
    </div>
  </nav>
</div>
`;
