// Jest Snapshot v1, https://goo.gl/fbAQLP

exports[`FormMultiCheckbox renders 1`] = `
<div>
  <div
    class="c-FormMultiCheckbox"
  >
    <fieldset>
      <div
        class="c-FormLabel"
      >
        <legend
          class="c-FormLabel__LabelWrapper"
        >
          <span
            class="c-FormLabel__Label"
          >
            form checkbox *
          </span>
        </legend>
      </div>
      <div
        class="c-FormMultiCheckbox__Options c-FormMultiCheckbox__Options_horizontal"
      >
        <div
          class="c-FormMultiCheckbox__Option"
        >
          <input
            class="c-FormMultiCheckbox__Input "
            data-testid="form-multi-checkbox_0"
            id="form-checkbox"
            name="form-checkbox"
            type="checkbox"
            value="Lundi"
          />
          <div
            class="c-FormLabel"
          >
            <label
              class="c-FormLabel__LabelWrapper"
              for="form-checkbox"
            >
              <span
                class="c-FormLabel__Label"
              >
                Lundi
              </span>
            </label>
          </div>
        </div>
        <div
          class="c-FormMultiCheckbox__Option"
        >
          <input
            class="c-FormMultiCheckbox__Input "
            data-testid="form-multi-checkbox_1"
            id="form-checkbox"
            name="form-checkbox"
            type="checkbox"
            value="Mardi"
          />
          <div
            class="c-FormLabel"
          >
            <label
              class="c-FormLabel__LabelWrapper"
              for="form-checkbox"
            >
              <span
                class="c-FormLabel__Label"
              >
                Mardi
              </span>
            </label>
          </div>
        </div>
        <div
          class="c-FormMultiCheckbox__Option"
        >
          <input
            class="c-FormMultiCheckbox__Input "
            data-testid="form-multi-checkbox_2"
            id="form-checkbox"
            name="form-checkbox"
            type="checkbox"
            value="Mercredi"
          />
          <div
            class="c-FormLabel"
          >
            <label
              class="c-FormLabel__LabelWrapper"
              for="form-checkbox"
            >
              <span
                class="c-FormLabel__Label"
              >
                Mercredi
              </span>
            </label>
          </div>
        </div>
        <div
          class="c-FormMultiCheckbox__Option"
        >
          <input
            class="c-FormMultiCheckbox__Input "
            data-testid="form-multi-checkbox_3"
            id="form-checkbox"
            name="form-checkbox"
            type="checkbox"
            value="Jeudi"
          />
          <div
            class="c-FormLabel"
          >
            <label
              class="c-FormLabel__LabelWrapper"
              for="form-checkbox"
            >
              <span
                class="c-FormLabel__Label"
              >
                Jeudi
              </span>
            </label>
          </div>
        </div>
        <div
          class="c-FormMultiCheckbox__Option"
        >
          <input
            class="c-FormMultiCheckbox__Input "
            data-testid="form-multi-checkbox_4"
            id="form-checkbox"
            name="form-checkbox"
            type="checkbox"
            value="Vendredi"
          />
          <div
            class="c-FormLabel"
          >
            <label
              class="c-FormLabel__LabelWrapper"
              for="form-checkbox"
            >
              <span
                class="c-FormLabel__Label"
              >
                Vendredi
              </span>
            </label>
          </div>
        </div>
        <div
          class="c-FormMultiCheckbox__Option"
        >
          <input
            class="c-FormMultiCheckbox__Input "
            data-testid="form-multi-checkbox_5"
            id="form-checkbox"
            name="form-checkbox"
            type="checkbox"
            value="Samedi"
          />
          <div
            class="c-FormLabel"
          >
            <label
              class="c-FormLabel__LabelWrapper"
              for="form-checkbox"
            >
              <span
                class="c-FormLabel__Label"
              >
                Samedi
              </span>
            </label>
          </div>
        </div>
        <div
          class="c-FormMultiCheckbox__Option"
        >
          <input
            class="c-FormMultiCheckbox__Input "
            data-testid="form-multi-checkbox_6"
            id="form-checkbox"
            name="form-checkbox"
            type="checkbox"
            value="Dimanche"
          />
          <div
            class="c-FormLabel"
          >
            <label
              class="c-FormLabel__LabelWrapper"
              for="form-checkbox"
            >
              <span
                class="c-FormLabel__Label"
              >
                Dimanche
              </span>
            </label>
          </div>
        </div>
      </div>
    </fieldset>
  </div>
  ,
</div>
`;
