// Jest Snapshot v1, https://goo.gl/fbAQLP

exports[`FormLabel renders 1`] = `
<div>
  <label
    class="c-FormLabel"
    for="form-label"
  >
    <div
      class="c-FormLabel__Label"
    >
      <span>
        form label
      </span>
      <span
        class="c-FormLabel__Validation"
      >
        validation label
      </span>
    </div>
    <div
      class="c-FormLabel__Label"
    >
      <span
        class="c-FormLabel__Secondary"
      >
        secondary label
      </span>
    </div>
  </label>
</div>
`;
