// Jest Snapshot v1, https://goo.gl/fbAQLP

exports[`EditoForm renders 1`] = `
<div>
  <form
    class="c-EditoForm"
  >
    <div
      class="c-EditoForm__Buttons"
    >
      <div
        class="c-EditoButtons"
      >
        <button
          class="c-CommonButton c-CommonButton_secondary c-CommonButton_fontSmall"
          type="button"
        >
          <div
            class="c-CommonButton__Picto c-CommonButton__Picto_windowUpload"
          />
          Publier
        </button>
        <button
          class="c-CommonButton c-CommonButton_disabled c-CommonButton_primary c-CommonButton_fontSmall"
          disabled=""
          type="submit"
        >
          <div
            class="c-CommonButton__Picto c-CommonButton__Picto_check"
          />
          Enregistrer en tant que brouillon
        </button>
      </div>
    </div>
    <div
      class="c-EditoForm__Form"
    >
      <div
        class="c-EditoForm__Content"
      >
        <div
          class="c-EditoStaticFields"
        >
          <span
            class="c-EditoStaticFields__RequiredLabel"
          >
            Tous les champs marqués d'une * sont obligatoires.
          </span>
          <div
            class="c-FormInput"
          >
            <div
              class="c-FormLabel"
            >
              <label
                class="c-FormLabel__LabelWrapper"
                for="title"
              >
                <span
                  class="c-FormLabel__Label"
                >
                  Titre de l'actualité *
                </span>
              </label>
              <div
                class="c-FormLabel__Content"
              >
                <input
                  aria-errormessage="title_error"
                  aria-invalid="false"
                  class="c-FormInput__Input"
                  data-testid="form-input"
                  id="title"
                  name="title"
                  type="text"
                  value=""
                />
              </div>
            </div>
          </div>
          <div
            class="c-EditoStaticFields__Thematique"
          >
            <div
              class="c-FormLabel"
            >
              <label
                class="c-FormLabel__LabelWrapper"
              >
                <span
                  class="c-FormLabel__Label"
                >
                  Thématique
                </span>
              </label>
              <div
                class="c-FormLabel__Content"
              >
                <div
                  class="c-CommonSelect"
                >
                  <div
                    class=" css-b62m3t-container"
                  >
                    <span
                      class="css-1f43avz-a11yText-A11yText"
                      id="react-select-2-live-region"
                    />
                    <span
                      aria-atomic="false"
                      aria-live="polite"
                      aria-relevant="additions text"
                      class="css-1f43avz-a11yText-A11yText"
                    />
                    <div
                      class="form-single-multiselect__control css-13cymwt-control"
                    >
                      <div
                        class="form-single-multiselect__value-container form-single-multiselect__value-container--is-multi css-1fdsijx-ValueContainer"
                      >
                        <div
                          class="form-single-multiselect__placeholder css-1jqq78o-placeholder"
                          id="react-select-2-placeholder"
                        />
                        <div
                          class="form-single-multiselect__input-container css-qbdosj-Input"
                          data-value=""
                        >
                          <input
                            aria-autocomplete="list"
                            aria-describedby="react-select-2-placeholder"
                            aria-expanded="false"
                            aria-haspopup="true"
                            autocapitalize="none"
                            autocomplete="off"
                            autocorrect="off"
                            class="form-single-multiselect__input"
                            id="react-select-2-input"
                            role="combobox"
                            spellcheck="false"
                            style="opacity: 1; width: 100%; grid-area: 1 / 2; min-width: 2px; border: 0px; margin: 0px; outline: 0; padding: 0px;"
                            tabindex="0"
                            type="text"
                            value=""
                          />
                        </div>
                      </div>
                      <div
                        class="form-single-multiselect__indicators css-1hb7zxy-IndicatorsContainer"
                      >
                        <span
                          class="form-single-multiselect__indicator-separator css-1u9des2-indicatorSeparator"
                        />
                        <div
                          aria-hidden="true"
                          class="form-single-multiselect__indicator form-single-multiselect__dropdown-indicator css-1xc3v61-indicatorContainer"
                        >
                          <svg
                            aria-hidden="true"
                            class="css-tj5bde-Svg"
                            focusable="false"
                            height="20"
                            viewBox="0 0 20 20"
                            width="20"
                          >
                            <path
                              d="M4.516 7.548c0.436-0.446 1.043-0.481 1.576 0l3.908 3.747 3.908-3.747c0.533-0.481 1.141-0.446 1.574 0 0.436 0.445 0.408 1.197 0 1.615-0.406 0.418-4.695 4.502-4.695 4.502-0.217 0.223-0.502 0.335-0.787 0.335s-0.57-0.112-0.789-0.335c0 0-4.287-4.084-4.695-4.502s-0.436-1.17 0-1.615z"
                            />
                          </svg>
                        </div>
                      </div>
                    </div>
                    <div>
                      <input
                        name="tags"
                        type="hidden"
                        value=""
                      />
                    </div>
                  </div>
                </div>
              </div>
            </div>
          </div>
          <div
            class="c-EditoStaticFields__DescriptionInput"
          >
            <div
              class="c-FormInput"
            >
              <div
                class="c-FormLabel"
              >
                <label
                  class="c-FormLabel__LabelWrapper"
                  for="shortDescription"
                >
                  <span
                    class="c-FormLabel__Label"
                  >
                    Description courte *
                  </span>
                  <span
                    class="c-FormLabel__Validation"
                  >
                    80 caractères maximum, affichés dans l'aperçu de l'actualité
                  </span>
                </label>
                <div
                  class="c-FormLabel__Content"
                >
                  <textarea
                    aria-errormessage="shortDescription_error"
                    aria-invalid="false"
                    class="c-FormInput__Input"
                    data-testid="form-input"
                    id="shortDescription"
                    maxlength="80"
                    name="shortDescription"
                    type="text"
                  />
                </div>
              </div>
            </div>
          </div>
        </div>
        <ul
          class="c-EditoDynamicFields"
        >
          <div
            class="c-EditoDynamicFields__Block"
            data-flip-config="{"translate":true,"scale":true,"opacity":true}"
            data-flip-id="ComponentBlocksSubHeading_140"
            data-portal-key="portal"
          >
            <div
              class="c-EditoBlockWrapper"
            >
              <div
                class="c-EditoBlockWrapper__Header"
              >
                <div
                  class="c-EditoBlockWrapper__LeftGroup"
                >
                  <button
                    class="c-EditoBlockWrapper__Action c-EditoBlockWrapper__Action_chevronUp"
                    type="button"
                  />
                  <div
                    class="c-EditoBlockWrapper__Info"
                  >
                    <div
                      class="c-EditoBlockWrapper__Picto c-EditoBlockWrapper__Picto_text"
                    />
                    <div
                      class="c-EditoBlockWrapper__Title"
                    >
                      Titre
                    </div>
                  </div>
                </div>
                <div
                  class="c-EditoBlockWrapper__Actions"
                >
                  <button
                    class="c-EditoBlockWrapper__Action c-EditoBlockWrapper__Action_arrowUp c-EditoBlockWrapper__Action_disabled"
                    disabled=""
                    type="button"
                  />
                  <button
                    class="c-EditoBlockWrapper__Action c-EditoBlockWrapper__Action_arrowDown"
                    type="button"
                  />
                  <button
                    class="c-EditoBlockWrapper__Action c-EditoBlockWrapper__Action_duplicate"
                    type="button"
                  />
                  <button
                    class="c-EditoBlockWrapper__Action c-EditoBlockWrapper__Action_delete"
                    type="button"
                  />
                </div>
              </div>
              <div
                class="c-EditoBlockWrapper__Content c-EditoBlockWrapper__Content_open"
              >
                <div
                  class="c-SubHeadingRow"
                >
                  <div
                    class="c-SubHeadingRow__Description"
                  >
                    <div
                      class="c-FormInput"
                    >
                      <div
                        class="c-FormLabel"
                      >
                        <label
                          class="c-FormLabel__LabelWrapper"
                          for="blocks.0.subHeadingText"
                        >
                          <span
                            class="c-FormLabel__Label"
                          >
                            Texte du titre *
                          </span>
                        </label>
                        <div
                          class="c-FormLabel__Content"
                        >
                          <input
                            aria-errormessage="blocks.0.subHeadingText_error"
                            aria-invalid="false"
                            class="c-FormInput__Input"
                            data-testid="form-input"
                            id="blocks.0.subHeadingText"
                            name="blocks.0.subHeadingText"
                            type="text"
                            value=""
                          />
                        </div>
                      </div>
                    </div>
                  </div>
                  <div>
                    <div
                      class="c-FormSelect"
                    >
                      <div
                        class="c-FormLabel"
                      >
                        <label
                          class="c-FormLabel__LabelWrapper"
                          for="blocks.0.subHeadingTag"
                        >
                          <span
                            class="c-FormLabel__Label"
                          >
                            Niveau de titre *
                          </span>
                        </label>
                      </div>
                      <div
                        class="o-SelectWrapper"
                      >
                        <select
                          aria-errormessage="blocks.0.subHeadingTag_error"
                          aria-invalid="false"
                          class="o-SelectWrapper__Select"
                          data-testid="form-select"
                          id="blocks.0.subHeadingTag"
                        >
                          <option
                            disabled=""
                            hidden=""
                            value="-1"
                          >
                            - Sélectionnez un élément -
                          </option>
                          <option
                            class="o-SelectWrapper__Option"
                            value="0"
                          >
                            H2
                          </option>
                          <option
                            class="o-SelectWrapper__Option"
                            value="1"
                          >
                            H3
                          </option>
                          <option
                            class="o-SelectWrapper__Option"
                            value="2"
                          >
                            H4
                          </option>
                          <option
                            class="o-SelectWrapper__Option"
                            value="3"
                          >
                            H5
                          </option>
                          <option
                            class="o-SelectWrapper__Option"
                            value="4"
                          >
                            H6
                          </option>
                        </select>
                      </div>
                    </div>
                  </div>
                </div>
              </div>
            </div>
          </div>
          <div
            class="c-EditoDynamicFields__Block"
            data-flip-config="{"translate":true,"scale":true,"opacity":true}"
            data-flip-id="ComponentBlocksHorizontalRule_136"
            data-portal-key="portal"
          >
            <div
              class="c-EditoBlockWrapper"
            >
              <div
                class="c-EditoBlockWrapper__Header"
              >
                <div
                  class="c-EditoBlockWrapper__LeftGroup"
                >
                  <div
                    class="c-EditoBlockWrapper__Info"
                  >
                    <div
                      class="c-EditoBlockWrapper__Picto c-EditoBlockWrapper__Picto_expandVertical"
                    />
                    <div
                      class="c-EditoBlockWrapper__Title"
                    >
                      Séparateur
                    </div>
                  </div>
                </div>
                <div
                  class="c-EditoBlockWrapper__Actions"
                >
                  <button
                    class="c-EditoBlockWrapper__Action c-EditoBlockWrapper__Action_arrowUp"
                    type="button"
                  />
                  <button
                    class="c-EditoBlockWrapper__Action c-EditoBlockWrapper__Action_arrowDown c-EditoBlockWrapper__Action_disabled"
                    disabled=""
                    type="button"
                  />
                  <button
                    class="c-EditoBlockWrapper__Action c-EditoBlockWrapper__Action_duplicate"
                    type="button"
                  />
                  <button
                    class="c-EditoBlockWrapper__Action c-EditoBlockWrapper__Action_delete"
                    type="button"
                  />
                </div>
              </div>
              <div
                class="c-EditoBlockWrapper__Content c-EditoBlockWrapper__Content_open c-EditoBlockWrapper__Content_empty"
              >
                <input
                  name="blocks.1.hr"
                  type="hidden"
                  value="<hr>"
                />
              </div>
            </div>
          </div>
        </ul>
        <div
          class="c-EditoDynamicFields__Options"
        >
          <span
            class="c-EditoDynamicFields__OptionsTitle"
          >
            Ajouter un bloc
          </span>
          <div
            class="c-EditoDynamicFields__OptionsList"
          >
            <button
              class="c-CommonButton c-CommonButton_secondary c-CommonButton_fontSmall"
              type="button"
            >
              <div
                class="c-CommonButton__Picto c-CommonButton__Picto_text"
              />
              Titre
            </button>
            <button
              class="c-CommonButton c-CommonButton_secondary c-CommonButton_fontSmall"
              type="button"
            >
              <div
                class="c-CommonButton__Picto c-CommonButton__Picto_expandVertical"
              />
              Séparateur
            </button>
          </div>
        </div>
      </div>
      <div
        class="c-EditoForm__SideBar"
      >
        <div
          class="c-EditoSideBar"
        >
          <div
            class="c-EditoSideBar__Status c-EditoSideBar__Status_draft"
          >
            Brouillon
          </div>
          <div
            class="c-EditoSideBar__UnpublishedDate"
          >
            Date de dépublication
            <div
              class="c-EditoSideBar__UnpublishedDate_datePicker"
            >
              <div
                class="sz-datepicker row"
              >
                <div
                  class="react-date-picker react-date-picker--closed react-date-picker--enabled sz-datepicker__single"
                >
                  <div
                    class="react-date-picker__wrapper"
                  >
                    <div
                      class="react-date-picker__inputGroup"
                    >
                      <input
                        hidden=""
                        max="2099-12-31"
                        min="2023-03-15"
                        name="date"
                        style="visibility: hidden; position: absolute; z-index: -999;"
                        type="date"
                        value=""
                      />
                      <input
                        autocomplete="off"
                        class="react-date-picker__inputGroup__input react-date-picker__inputGroup__day"
                        data-input="true"
                        inputmode="numeric"
                        max="31"
                        min="1"
                        name="day"
                        placeholder="--"
                        type="number"
                        value=""
                      />
                      <span
                        class="react-date-picker__inputGroup__divider"
                      >
                        /
                      </span>
                      <input
                        autocomplete="off"
                        class="react-date-picker__inputGroup__input react-date-picker__inputGroup__month"
                        data-input="true"
                        inputmode="numeric"
                        max="12"
                        min="1"
                        name="month"
                        placeholder="--"
                        type="number"
                        value=""
                      />
                      <span
                        class="react-date-picker__inputGroup__divider"
                      >
                        /
                      </span>
                      <input
                        autocomplete="off"
                        class="react-date-picker__inputGroup__input react-date-picker__inputGroup__year"
                        data-input="true"
                        inputmode="numeric"
                        max="2099"
                        min="2023"
                        name="year"
                        placeholder="----"
                        step="1"
                        type="number"
                        value=""
                      />
                    </div>
                    <button
                      class="react-date-picker__calendar-button react-date-picker__button"
                      type="button"
                    >
                      <i
                        class="sz-icon-line calendar-3 mr-2"
                      />
                      <i
                        class="sz-icon-bold arrow-down-1 small pt-2"
                      />
                    </button>
                  </div>
                </div>
              </div>
            </div>
            <div
              class="c-EditoSideBar__UnpublishedDate_text"
            >
              A la date de dépublication, l’actualité est masquée sur le site mais conservée dans le back-office à l’état archivé.
            </div>
          </div>
          <div
            class="c-DateBlock"
          >
            <div
              class="c-DateBlock__CreationDate"
            >
              <div
                class="c-DateBlock__CreationDateLabel"
              >
                Création
              </div>
              <div
                class="c-DateBlock__CreationDateDateAndTime"
              >
                <div />
              </div>
            </div>
            <div
              class="c-DateBlock__UpdateDate"
            >
              <div
                class="c-DateBlock__UpdateDateLabel"
              >
                Dernière modification
              </div>
              <div
                class="c-DateBlock__UpdateDateDateAndTime"
              />
            </div>
          </div>
        </div>
      </div>
    </div>
  </form>
</div>
`;
