// Jest Snapshot v1, https://goo.gl/fbAQLP

exports[`renders 1`] = `
<div>
  <div
    class="c-FormCheckbox"
  >
    <input
      class="c-FormCheckbox__Input "
      data-testid="form-checkbox"
      id="form-checkbox"
      name="form-checkbox"
      type="checkbox"
    />
    <label
      class="c-FormLabel"
      for="form-checkbox"
    >
      <div
        class="c-FormLabel__Label"
      >
        <span>
          form checkbox 
        </span>
        <span
          class="c-FormLabel__Secondary"
        >
          secondary label
        </span>
      </div>
    </label>
  </div>
  ,
</div>
`;
