// Jest Snapshot v1, https://goo.gl/fbAQLP

exports[`CommonPagination renders 1`] = `
<div>
  <div
    class="c-CommonPagination c-CommonPagination_hasRowsPerPage"
  >
    <nav
      class="c-CommonPagination__Navigation"
    >
      <div
        class="c-CommonPagination__Backward c-CommonPagination__Backward_disabled"
      >
        <button
          class="c-CommonPagination__Button c-CommonPagination__Button_arrowTo c-CommonPagination__Button_reverse"
          disabled=""
          type="button"
        />
        <button
          class="c-CommonPagination__Button c-CommonPagination__Button_arrow c-CommonPagination__Button_reverse"
          disabled=""
          type="button"
        />
      </div>
      <div
        class="c-CommonPagination__Pages"
      >
        <button
          class="c-CommonPagination__Page c-CommonPagination__Page_active"
        >
          1
        </button>
        <button
          class="c-CommonPagination__Page"
        >
          2
        </button>
        <button
          class="c-CommonPagination__Page"
        >
          3
        </button>
      </div>
      <div
        class="c-CommonPagination__Forward"
      >
        <button
          class="c-CommonPagination__Button c-CommonPagination__Button_arrow"
          type="button"
        />
        <button
          class="c-CommonPagination__Button c-CommonPagination__Button_arrowTo"
          type="button"
        />
      </div>
    </nav>
  </div>
</div>
`;
