// Jest Snapshot v1, https://goo.gl/fbAQLP

exports[`PersonnalisationFooterPage renders loading and loaded state 1`] = `
<div>
  <hgroup
    class="c-PageTitle"
  >
    <h1
      data-testid="title"
    >
      Footer
    </h1>
    <p
      class="c-PageTitle__Description"
      data-testid="description"
    >
      Paramétrez les liens présents en bas de page.
    </p>
  </hgroup>
  <div
    class="c-PersonnalisationFooterPage"
  >
    <div
      class="c-CommonLoader c-CommonLoader_cover c-CommonLoader_grow"
    >
      <div
        class="c-CommonSpinner"
        data-testid="common-spinner"
      >
        <div />
        <div />
        <div />
        <div />
      </div>
    </div>
  </div>
</div>
`;

exports[`PersonnalisationFooterPage renders loading and loaded state 2`] = `
<div>
  <hgroup
    class="c-PageTitle"
  >
    <h1
      data-testid="title"
    >
      Footer
    </h1>
    <p
      class="c-PageTitle__Description"
      data-testid="description"
    >
      Paramétrez les liens présents en bas de page.
    </p>
  </hgroup>
  <div
    class="c-PersonnalisationFooterPage"
  >
    <form
      class="c-PersonnalisationFooterPage__Form"
    >
      <div
        class="c-PersonnalisationFooterPage__Group"
      >
        <h2
          class="c-PersonnalisationFooterPage__Title"
        >
          Accessibilité
        </h2>
        <div
          class="c-PersonnalisationFooterPage__SubGroup"
        >
          <div
            class="c-FormRadioInput"
          >
            <fieldset>
              <div
                class="c-FormLabel"
              >
                <legend
                  class="c-FormLabel__LabelWrapper"
                >
                  <span
                    class="c-FormLabel__Label"
                  >
                    Niveau d’accessibilité (pourcentage des critères RGAA validés)
                  </span>
                </legend>
              </div>
              <div
                class="c-FormRadioInput__Options"
              >
                <div
                  class="c-FormRadioInput__Option"
                >
                  <input
                    class="c-FormRadioInput__Input "
                    data-testid="form-radio-input_0"
                    id="accessibilityLevel0"
                    name="accessibilityLevel"
                    type="radio"
                    value="not_conform"
                  />
                  <div
                    class="c-FormLabel"
                  >
                    <label
                      class="c-FormLabel__LabelWrapper"
                      for="accessibilityLevel0"
                    >
                      <span
                        class="c-FormLabel__Label"
                      >
                        Non conforme (moins de 50 %)
                      </span>
                    </label>
                  </div>
                </div>
                <div
                  class="c-FormRadioInput__Option"
                >
                  <input
                    class="c-FormRadioInput__Input c-FormRadioInput__Input_checked"
                    data-testid="form-radio-input_1"
                    id="accessibilityLevel1"
                    name="accessibilityLevel"
                    type="radio"
                    value="partially_conform"
                  />
                  <div
                    class="c-FormLabel"
                  >
                    <label
                      class="c-FormLabel__LabelWrapper"
                      for="accessibilityLevel1"
                    >
                      <span
                        class="c-FormLabel__Label"
                      >
                        Partiellement conforme  (de 50 % à 99 %)
                      </span>
                    </label>
                  </div>
                </div>
                <div
                  class="c-FormRadioInput__Option"
                >
                  <input
                    class="c-FormRadioInput__Input "
                    data-testid="form-radio-input_2"
                    id="accessibilityLevel2"
                    name="accessibilityLevel"
                    type="radio"
                    value="conform"
                  />
                  <div
                    class="c-FormLabel"
                  >
                    <label
                      class="c-FormLabel__LabelWrapper"
                      for="accessibilityLevel2"
                    >
                      <span
                        class="c-FormLabel__Label"
                      >
                        Totalement conforme (100 %)
                      </span>
                    </label>
                  </div>
                </div>
              </div>
            </fieldset>
          </div>
        </div>
      </div>
      <div
        class="c-PersonnalisationFooterPage__Group"
      >
        <h2
          class="c-PersonnalisationFooterPage__Title"
        >
          Contenus légaux
        </h2>
        <div
          class="c-PersonnalisationFooterPage__SubGroup c-PersonnalisationFooterPage__SubGroup_short"
        >
          <div
            class="c-FormInput"
          >
            <div
              class="c-FormLabel"
            >
              <label
                class="c-FormLabel__LabelWrapper"
                for="accessibilitySubService.link"
              >
                <span
                  class="c-FormLabel__Label"
                >
                  Lien vers la page Accessibilité *
                </span>
              </label>
              <div
                class="c-FormLabel__Content"
              >
                <input
                  aria-errormessage="accessibilitySubService.link_error"
                  aria-invalid="false"
                  class="c-FormInput__Input"
                  data-testid="form-input"
                  id="accessibilitySubService.link"
                  name="accessibilitySubService.link"
                  type="text"
                  value="https://google.com"
                />
              </div>
            </div>
          </div>
          <div
            class="c-FormInput"
          >
            <div
              class="c-FormLabel"
            >
              <label
                class="c-FormLabel__LabelWrapper"
                for="cguSubService.link"
              >
                <span
                  class="c-FormLabel__Label"
                >
                  Lien vers la page des Conditions générales *
                </span>
              </label>
              <div
                class="c-FormLabel__Content"
              >
                <input
                  aria-errormessage="cguSubService.link_error"
                  aria-invalid="false"
                  class="c-FormInput__Input"
                  data-testid="form-input"
                  id="cguSubService.link"
                  name="cguSubService.link"
                  type="text"
                  value="https://google.com"
                />
              </div>
            </div>
          </div>
          <div
            class="c-FormInput"
          >
            <div
              class="c-FormLabel"
            >
              <label
                class="c-FormLabel__LabelWrapper"
                for="cookiesSubService.link"
              >
                <span
                  class="c-FormLabel__Label"
                >
                  Lien vers la page de Politique de cookie *
                </span>
              </label>
              <div
                class="c-FormLabel__Content"
              >
                <input
                  aria-errormessage="cookiesSubService.link_error"
                  aria-invalid="false"
                  class="c-FormInput__Input"
                  data-testid="form-input"
                  id="cookiesSubService.link"
                  name="cookiesSubService.link"
                  type="text"
                  value="https://google.com"
                />
              </div>
            </div>
          </div>
          <div
            class="c-FormInput"
          >
            <div
              class="c-FormLabel"
            >
              <label
                class="c-FormLabel__LabelWrapper"
                for="confidentialitySubService.link"
              >
                <span
                  class="c-FormLabel__Label"
                >
                  Lien vers la page de Confidentialité *
                </span>
              </label>
              <div
                class="c-FormLabel__Content"
              >
                <input
                  aria-errormessage="confidentialitySubService.link_error"
                  aria-invalid="false"
                  class="c-FormInput__Input"
                  data-testid="form-input"
                  id="confidentialitySubService.link"
                  name="confidentialitySubService.link"
                  type="text"
                  value="https://google.com"
                />
              </div>
            </div>
          </div>
        </div>
      </div>
      <div
        class="c-PersonnalisationFooterPage__Group"
      >
        <h2
          class="c-PersonnalisationFooterPage__Title"
        >
          Contactez-nous
        </h2>
        <div
          class="c-PersonnalisationFooterPage__SubGroup c-PersonnalisationFooterPage__SubGroup_short"
        >
          <div
            class="c-FormInput"
          >
            <div
              class="c-FormLabel"
            >
              <label
                class="c-FormLabel__LabelWrapper"
                for="contactUsSubService.label"
              >
                <span
                  class="c-FormLabel__Label"
                >
                  Texte du lien *
                </span>
              </label>
              <div
                class="c-FormLabel__Content"
              >
                <input
                  aria-errormessage="contactUsSubService.label_error"
                  aria-invalid="false"
                  class="c-FormInput__Input"
                  data-testid="form-input"
                  id="contactUsSubService.label"
                  name="contactUsSubService.label"
                  type="text"
                  value="Contactez-nous"
                />
              </div>
            </div>
          </div>
          <div
            class="c-FormInput"
          >
            <div
              class="c-FormLabel"
            >
              <label
                class="c-FormLabel__LabelWrapper"
                for="contactUsSubService.link"
              >
                <span
                  class="c-FormLabel__Label"
                >
                  Lien vers la page de contact *
                </span>
              </label>
              <div
                class="c-FormLabel__Content"
              >
                <input
                  aria-errormessage="contactUsSubService.link_error"
                  aria-invalid="false"
                  class="c-FormInput__Input"
                  data-testid="form-input"
                  id="contactUsSubService.link"
                  name="contactUsSubService.link"
                  type="text"
                  value="https://google.com"
                />
              </div>
            </div>
          </div>
        </div>
      </div>
      <div
        class="c-PersonnalisationFooterPage__Buttons"
      >
        <button
          class="c-CommonButton c-CommonButton_disabled c-CommonButton_primary c-CommonButton_fontSmall"
          disabled=""
          type="submit"
        >
          <div
            class="c-CommonButton__Picto c-CommonButton__Picto_check"
          />
          Enregistrer les modifications
        </button>
        <button
          class="c-CommonButton c-CommonButton_disabled c-CommonButton_secondary c-CommonButton_fontSmall"
          disabled=""
          type="button"
        >
          <div
            class="c-CommonButton__Picto c-CommonButton__Picto_cross"
          />
          Annuler les modifications
        </button>
      </div>
    </form>
  </div>
</div>
`;
