// Jest Snapshot v1, https://goo.gl/fbAQLP

exports[`FormModalInput renders 1`] = `
<div>
  <div
    class="c-FormModalInput"
    data-testid="form-modal-input"
  >
    <label
      class="c-FormLabel"
      for="form-modal-input_button"
    >
      <div
        class="c-FormLabel__Label"
      >
        <span>
          form modal input
        </span>
      </div>
    </label>
    <input
      class="c-FormModalInput__Input"
      disabled=""
      name="form-modal-input"
      type="hidden"
    />
    <div
      aria-errormessage="form-modal-input_error"
      aria-invalid="false"
    >
      <button
        class="c-CommonButton c-CommonButton_secondary c-CommonButton_fontSmall"
        id="form-modal-input_button"
        type="button"
      >
        button label
      </button>
    </div>
  </div>
</div>
`;
