// Jest Snapshot v1, https://goo.gl/fbAQLP

exports[`FormWeeklySlots renders 1`] = `
<div>
  <div
    class="c-FormWeeklySlots"
  >
    <div
      class="c-FormWeeklySlots__Infos"
    >
      <label
        class="c-FormWeeklySlots__Title"
        for="form-weekly-slots"
      >
        Plages horaires
      </label>
      <p
        class="c-FormWeeklySlots__Description"
      >
        <span>
          Format attendu : 00h00
        </span>
        <span>
          Exemple : 08h00 - 12h00   14h00 - 17h00
        </span>
        <span>
          Laisser vides les jours fermés. S’il n’y a pas de pause méridienne, veuillez remplir uniquement les deux premières cases.
        </span>
      </p>
    </div>
    <div
      class="c-FormWeeklySlots__Content"
    >
      <div
        class="c-FormWeeklySlots__Days"
        data-testid="form-weekly-slots"
        id="form-weekly-slots"
      >
        <div
          class="c-TimeSlotDay"
        >
          <div
            class="c-TimeSlotDay__Container"
          >
            <label
              class="c-TimeSlotDay__Label"
              for="form-weekly-slots-1"
            >
              Lundi
            </label>
            <div
              class="c-TimeSlotDay__Slots"
            >
              <div
                class="c-TimeSlotDay__Slot"
              >
                <div
                  class="c-TimeSlotDay__DatePickers"
                >
                  <div
                    class="react-datepicker-wrapper"
                  >
                    <div
                      class="react-datepicker__input-container "
                    >
                      <span
                        aria-live="polite"
                        class="react-datepicker__aria-live"
                        role="alert"
                      />
                      <input
                        class="c-TimeInput"
                        data-testid="form-weekly-slots-1"
                        id="form-weekly-slots-1"
                        readonly=""
                        value=""
                      />
                    </div>
                  </div>
                  <div
                    class="c-TimeSlotDay__Dash"
                  />
                  <div
                    class="react-datepicker-wrapper"
                  >
                    <div
                      class="react-datepicker__input-container "
                    >
                      <span
                        aria-live="polite"
                        class="react-datepicker__aria-live"
                        role="alert"
                      />
                      <input
                        class="c-TimeInput"
                        readonly=""
                        value=""
                      />
                    </div>
                  </div>
                </div>
                <input
                  class="c-TimeSlotDay__SlotNumber"
                  min="1"
                  type="number"
                  value=""
                />
                <span>
                  rendez-vous
                </span>
              </div>
              <div
                class="c-TimeSlotDay__Slot"
              >
                <div
                  class="c-TimeSlotDay__DatePickers"
                >
                  <div
                    class="react-datepicker-wrapper"
                  >
                    <div
                      class="react-datepicker__input-container "
                    >
                      <span
                        aria-live="polite"
                        class="react-datepicker__aria-live"
                        role="alert"
                      />
                      <input
                        class="c-TimeInput"
                        readonly=""
                        value=""
                      />
                    </div>
                  </div>
                  <div
                    class="c-TimeSlotDay__Dash"
                  />
                  <div
                    class="react-datepicker-wrapper"
                  >
                    <div
                      class="react-datepicker__input-container "
                    >
                      <span
                        aria-live="polite"
                        class="react-datepicker__aria-live"
                        role="alert"
                      />
                      <input
                        class="c-TimeInput"
                        readonly=""
                        value=""
                      />
                    </div>
                  </div>
                </div>
                <input
                  class="c-TimeSlotDay__SlotNumber"
                  min="1"
                  type="number"
                  value=""
                />
                <span>
                  rendez-vous
                </span>
              </div>
            </div>
          </div>
        </div>
        <div
          class="c-TimeSlotDay"
        >
          <div
            class="c-TimeSlotDay__Container"
          >
            <label
              class="c-TimeSlotDay__Label"
              for="form-weekly-slots-2"
            >
              Mardi
            </label>
            <div
              class="c-TimeSlotDay__Slots"
            >
              <div
                class="c-TimeSlotDay__Slot"
              >
                <div
                  class="c-TimeSlotDay__DatePickers"
                >
                  <div
                    class="react-datepicker-wrapper"
                  >
                    <div
                      class="react-datepicker__input-container "
                    >
                      <span
                        aria-live="polite"
                        class="react-datepicker__aria-live"
                        role="alert"
                      />
                      <input
                        class="c-TimeInput"
                        data-testid="form-weekly-slots-2"
                        id="form-weekly-slots-2"
                        readonly=""
                        value=""
                      />
                    </div>
                  </div>
                  <div
                    class="c-TimeSlotDay__Dash"
                  />
                  <div
                    class="react-datepicker-wrapper"
                  >
                    <div
                      class="react-datepicker__input-container "
                    >
                      <span
                        aria-live="polite"
                        class="react-datepicker__aria-live"
                        role="alert"
                      />
                      <input
                        class="c-TimeInput"
                        readonly=""
                        value=""
                      />
                    </div>
                  </div>
                </div>
                <input
                  class="c-TimeSlotDay__SlotNumber"
                  min="1"
                  type="number"
                  value=""
                />
                <span>
                  rendez-vous
                </span>
              </div>
              <div
                class="c-TimeSlotDay__Slot"
              >
                <div
                  class="c-TimeSlotDay__DatePickers"
                >
                  <div
                    class="react-datepicker-wrapper"
                  >
                    <div
                      class="react-datepicker__input-container "
                    >
                      <span
                        aria-live="polite"
                        class="react-datepicker__aria-live"
                        role="alert"
                      />
                      <input
                        class="c-TimeInput"
                        readonly=""
                        value=""
                      />
                    </div>
                  </div>
                  <div
                    class="c-TimeSlotDay__Dash"
                  />
                  <div
                    class="react-datepicker-wrapper"
                  >
                    <div
                      class="react-datepicker__input-container "
                    >
                      <span
                        aria-live="polite"
                        class="react-datepicker__aria-live"
                        role="alert"
                      />
                      <input
                        class="c-TimeInput"
                        readonly=""
                        value=""
                      />
                    </div>
                  </div>
                </div>
                <input
                  class="c-TimeSlotDay__SlotNumber"
                  min="1"
                  type="number"
                  value=""
                />
                <span>
                  rendez-vous
                </span>
              </div>
            </div>
          </div>
        </div>
        <div
          class="c-TimeSlotDay"
        >
          <div
            class="c-TimeSlotDay__Container"
          >
            <label
              class="c-TimeSlotDay__Label"
              for="form-weekly-slots-3"
            >
              Mercredi
            </label>
            <div
              class="c-TimeSlotDay__Slots"
            >
              <div
                class="c-TimeSlotDay__Slot"
              >
                <div
                  class="c-TimeSlotDay__DatePickers"
                >
                  <div
                    class="react-datepicker-wrapper"
                  >
                    <div
                      class="react-datepicker__input-container "
                    >
                      <span
                        aria-live="polite"
                        class="react-datepicker__aria-live"
                        role="alert"
                      />
                      <input
                        class="c-TimeInput"
                        data-testid="form-weekly-slots-3"
                        id="form-weekly-slots-3"
                        readonly=""
                        value=""
                      />
                    </div>
                  </div>
                  <div
                    class="c-TimeSlotDay__Dash"
                  />
                  <div
                    class="react-datepicker-wrapper"
                  >
                    <div
                      class="react-datepicker__input-container "
                    >
                      <span
                        aria-live="polite"
                        class="react-datepicker__aria-live"
                        role="alert"
                      />
                      <input
                        class="c-TimeInput"
                        readonly=""
                        value=""
                      />
                    </div>
                  </div>
                </div>
                <input
                  class="c-TimeSlotDay__SlotNumber"
                  min="1"
                  type="number"
                  value=""
                />
                <span>
                  rendez-vous
                </span>
              </div>
              <div
                class="c-TimeSlotDay__Slot"
              >
                <div
                  class="c-TimeSlotDay__DatePickers"
                >
                  <div
                    class="react-datepicker-wrapper"
                  >
                    <div
                      class="react-datepicker__input-container "
                    >
                      <span
                        aria-live="polite"
                        class="react-datepicker__aria-live"
                        role="alert"
                      />
                      <input
                        class="c-TimeInput"
                        readonly=""
                        value=""
                      />
                    </div>
                  </div>
                  <div
                    class="c-TimeSlotDay__Dash"
                  />
                  <div
                    class="react-datepicker-wrapper"
                  >
                    <div
                      class="react-datepicker__input-container "
                    >
                      <span
                        aria-live="polite"
                        class="react-datepicker__aria-live"
                        role="alert"
                      />
                      <input
                        class="c-TimeInput"
                        readonly=""
                        value=""
                      />
                    </div>
                  </div>
                </div>
                <input
                  class="c-TimeSlotDay__SlotNumber"
                  min="1"
                  type="number"
                  value=""
                />
                <span>
                  rendez-vous
                </span>
              </div>
            </div>
          </div>
        </div>
        <div
          class="c-TimeSlotDay"
        >
          <div
            class="c-TimeSlotDay__Container"
          >
            <label
              class="c-TimeSlotDay__Label"
              for="form-weekly-slots-4"
            >
              Jeudi
            </label>
            <div
              class="c-TimeSlotDay__Slots"
            >
              <div
                class="c-TimeSlotDay__Slot"
              >
                <div
                  class="c-TimeSlotDay__DatePickers"
                >
                  <div
                    class="react-datepicker-wrapper"
                  >
                    <div
                      class="react-datepicker__input-container "
                    >
                      <span
                        aria-live="polite"
                        class="react-datepicker__aria-live"
                        role="alert"
                      />
                      <input
                        class="c-TimeInput"
                        data-testid="form-weekly-slots-4"
                        id="form-weekly-slots-4"
                        readonly=""
                        value=""
                      />
                    </div>
                  </div>
                  <div
                    class="c-TimeSlotDay__Dash"
                  />
                  <div
                    class="react-datepicker-wrapper"
                  >
                    <div
                      class="react-datepicker__input-container "
                    >
                      <span
                        aria-live="polite"
                        class="react-datepicker__aria-live"
                        role="alert"
                      />
                      <input
                        class="c-TimeInput"
                        readonly=""
                        value=""
                      />
                    </div>
                  </div>
                </div>
                <input
                  class="c-TimeSlotDay__SlotNumber"
                  min="1"
                  type="number"
                  value=""
                />
                <span>
                  rendez-vous
                </span>
              </div>
              <div
                class="c-TimeSlotDay__Slot"
              >
                <div
                  class="c-TimeSlotDay__DatePickers"
                >
                  <div
                    class="react-datepicker-wrapper"
                  >
                    <div
                      class="react-datepicker__input-container "
                    >
                      <span
                        aria-live="polite"
                        class="react-datepicker__aria-live"
                        role="alert"
                      />
                      <input
                        class="c-TimeInput"
                        readonly=""
                        value=""
                      />
                    </div>
                  </div>
                  <div
                    class="c-TimeSlotDay__Dash"
                  />
                  <div
                    class="react-datepicker-wrapper"
                  >
                    <div
                      class="react-datepicker__input-container "
                    >
                      <span
                        aria-live="polite"
                        class="react-datepicker__aria-live"
                        role="alert"
                      />
                      <input
                        class="c-TimeInput"
                        readonly=""
                        value=""
                      />
                    </div>
                  </div>
                </div>
                <input
                  class="c-TimeSlotDay__SlotNumber"
                  min="1"
                  type="number"
                  value=""
                />
                <span>
                  rendez-vous
                </span>
              </div>
            </div>
          </div>
        </div>
        <div
          class="c-TimeSlotDay"
        >
          <div
            class="c-TimeSlotDay__Container"
          >
            <label
              class="c-TimeSlotDay__Label"
              for="form-weekly-slots-5"
            >
              Vendredi
            </label>
            <div
              class="c-TimeSlotDay__Slots"
            >
              <div
                class="c-TimeSlotDay__Slot"
              >
                <div
                  class="c-TimeSlotDay__DatePickers"
                >
                  <div
                    class="react-datepicker-wrapper"
                  >
                    <div
                      class="react-datepicker__input-container "
                    >
                      <span
                        aria-live="polite"
                        class="react-datepicker__aria-live"
                        role="alert"
                      />
                      <input
                        class="c-TimeInput"
                        data-testid="form-weekly-slots-5"
                        id="form-weekly-slots-5"
                        readonly=""
                        value=""
                      />
                    </div>
                  </div>
                  <div
                    class="c-TimeSlotDay__Dash"
                  />
                  <div
                    class="react-datepicker-wrapper"
                  >
                    <div
                      class="react-datepicker__input-container "
                    >
                      <span
                        aria-live="polite"
                        class="react-datepicker__aria-live"
                        role="alert"
                      />
                      <input
                        class="c-TimeInput"
                        readonly=""
                        value=""
                      />
                    </div>
                  </div>
                </div>
                <input
                  class="c-TimeSlotDay__SlotNumber"
                  min="1"
                  type="number"
                  value=""
                />
                <span>
                  rendez-vous
                </span>
              </div>
              <div
                class="c-TimeSlotDay__Slot"
              >
                <div
                  class="c-TimeSlotDay__DatePickers"
                >
                  <div
                    class="react-datepicker-wrapper"
                  >
                    <div
                      class="react-datepicker__input-container "
                    >
                      <span
                        aria-live="polite"
                        class="react-datepicker__aria-live"
                        role="alert"
                      />
                      <input
                        class="c-TimeInput"
                        readonly=""
                        value=""
                      />
                    </div>
                  </div>
                  <div
                    class="c-TimeSlotDay__Dash"
                  />
                  <div
                    class="react-datepicker-wrapper"
                  >
                    <div
                      class="react-datepicker__input-container "
                    >
                      <span
                        aria-live="polite"
                        class="react-datepicker__aria-live"
                        role="alert"
                      />
                      <input
                        class="c-TimeInput"
                        readonly=""
                        value=""
                      />
                    </div>
                  </div>
                </div>
                <input
                  class="c-TimeSlotDay__SlotNumber"
                  min="1"
                  type="number"
                  value=""
                />
                <span>
                  rendez-vous
                </span>
              </div>
            </div>
          </div>
        </div>
        <div
          class="c-TimeSlotDay"
        >
          <div
            class="c-TimeSlotDay__Container"
          >
            <label
              class="c-TimeSlotDay__Label"
              for="form-weekly-slots-6"
            >
              Samedi
            </label>
            <div
              class="c-TimeSlotDay__Slots"
            >
              <div
                class="c-TimeSlotDay__Slot"
              >
                <div
                  class="c-TimeSlotDay__DatePickers"
                >
                  <div
                    class="react-datepicker-wrapper"
                  >
                    <div
                      class="react-datepicker__input-container "
                    >
                      <span
                        aria-live="polite"
                        class="react-datepicker__aria-live"
                        role="alert"
                      />
                      <input
                        class="c-TimeInput"
                        data-testid="form-weekly-slots-6"
                        id="form-weekly-slots-6"
                        readonly=""
                        value=""
                      />
                    </div>
                  </div>
                  <div
                    class="c-TimeSlotDay__Dash"
                  />
                  <div
                    class="react-datepicker-wrapper"
                  >
                    <div
                      class="react-datepicker__input-container "
                    >
                      <span
                        aria-live="polite"
                        class="react-datepicker__aria-live"
                        role="alert"
                      />
                      <input
                        class="c-TimeInput"
                        readonly=""
                        value=""
                      />
                    </div>
                  </div>
                </div>
                <input
                  class="c-TimeSlotDay__SlotNumber"
                  min="1"
                  type="number"
                  value=""
                />
                <span>
                  rendez-vous
                </span>
              </div>
              <div
                class="c-TimeSlotDay__Slot"
              >
                <div
                  class="c-TimeSlotDay__DatePickers"
                >
                  <div
                    class="react-datepicker-wrapper"
                  >
                    <div
                      class="react-datepicker__input-container "
                    >
                      <span
                        aria-live="polite"
                        class="react-datepicker__aria-live"
                        role="alert"
                      />
                      <input
                        class="c-TimeInput"
                        readonly=""
                        value=""
                      />
                    </div>
                  </div>
                  <div
                    class="c-TimeSlotDay__Dash"
                  />
                  <div
                    class="react-datepicker-wrapper"
                  >
                    <div
                      class="react-datepicker__input-container "
                    >
                      <span
                        aria-live="polite"
                        class="react-datepicker__aria-live"
                        role="alert"
                      />
                      <input
                        class="c-TimeInput"
                        readonly=""
                        value=""
                      />
                    </div>
                  </div>
                </div>
                <input
                  class="c-TimeSlotDay__SlotNumber"
                  min="1"
                  type="number"
                  value=""
                />
                <span>
                  rendez-vous
                </span>
              </div>
            </div>
          </div>
        </div>
        <div
          class="c-TimeSlotDay"
        >
          <div
            class="c-TimeSlotDay__Container"
          >
            <label
              class="c-TimeSlotDay__Label"
              for="form-weekly-slots-0"
            >
              Dimanche
            </label>
            <div
              class="c-TimeSlotDay__Slots"
            >
              <div
                class="c-TimeSlotDay__Slot"
              >
                <div
                  class="c-TimeSlotDay__DatePickers"
                >
                  <div
                    class="react-datepicker-wrapper"
                  >
                    <div
                      class="react-datepicker__input-container "
                    >
                      <span
                        aria-live="polite"
                        class="react-datepicker__aria-live"
                        role="alert"
                      />
                      <input
                        class="c-TimeInput"
                        data-testid="form-weekly-slots-0"
                        id="form-weekly-slots-0"
                        readonly=""
                        value=""
                      />
                    </div>
                  </div>
                  <div
                    class="c-TimeSlotDay__Dash"
                  />
                  <div
                    class="react-datepicker-wrapper"
                  >
                    <div
                      class="react-datepicker__input-container "
                    >
                      <span
                        aria-live="polite"
                        class="react-datepicker__aria-live"
                        role="alert"
                      />
                      <input
                        class="c-TimeInput"
                        readonly=""
                        value=""
                      />
                    </div>
                  </div>
                </div>
                <input
                  class="c-TimeSlotDay__SlotNumber"
                  min="1"
                  type="number"
                  value=""
                />
                <span>
                  rendez-vous
                </span>
              </div>
              <div
                class="c-TimeSlotDay__Slot"
              >
                <div
                  class="c-TimeSlotDay__DatePickers"
                >
                  <div
                    class="react-datepicker-wrapper"
                  >
                    <div
                      class="react-datepicker__input-container "
                    >
                      <span
                        aria-live="polite"
                        class="react-datepicker__aria-live"
                        role="alert"
                      />
                      <input
                        class="c-TimeInput"
                        readonly=""
                        value=""
                      />
                    </div>
                  </div>
                  <div
                    class="c-TimeSlotDay__Dash"
                  />
                  <div
                    class="react-datepicker-wrapper"
                  >
                    <div
                      class="react-datepicker__input-container "
                    >
                      <span
                        aria-live="polite"
                        class="react-datepicker__aria-live"
                        role="alert"
                      />
                      <input
                        class="c-TimeInput"
                        readonly=""
                        value=""
                      />
                    </div>
                  </div>
                </div>
                <input
                  class="c-TimeSlotDay__SlotNumber"
                  min="1"
                  type="number"
                  value=""
                />
                <span>
                  rendez-vous
                </span>
              </div>
            </div>
          </div>
        </div>
      </div>
    </div>
  </div>
</div>
`;
