// Jest Snapshot v1, https://goo.gl/fbAQLP

exports[`WelcomeAndSearchEngineTab renders loading and loaded state 1`] = `
<div>
  <div
    aria-labelledby="tab-welcomeAndSearchEngine"
    class="c-WelcomeAndSearchEngineTab"
    id="panel-welcomeAndSearchEngine"
    role="tabpanel"
  >
    <div
      class="c-CommonLoader c-CommonLoader_cover c-CommonLoader_grow"
    >
      <div
        class="c-CommonSpinner"
        data-testid="common-spinner"
      >
        <div />
        <div />
        <div />
        <div />
      </div>
    </div>
  </div>
</div>
`;

exports[`WelcomeAndSearchEngineTab renders loading and loaded state 2`] = `
<div>
  <div
    aria-labelledby="tab-welcomeAndSearchEngine"
    class="c-WelcomeAndSearchEngineTab"
    id="panel-welcomeAndSearchEngine"
    role="tabpanel"
  >
    <form
      class="c-WelcomeAndSearchEngineTab"
    >
      <div
        class="c-WelcomeAndSearchEngineTab__Group"
      >
        <h2
          class="c-WelcomeAndSearchEngineTab__Title"
        >
          Message de bienvenue
        </h2>
        <div
          class="c-WelcomeAndSearchEngineTab__SubGroup c-WelcomeAndSearchEngineTab__SubGroup_short"
        >
          <div
            class="c-FormCheckbox"
          >
            <input
              class="c-FormCheckbox__Input "
              data-testid="form-checkbox"
              disabled=""
              id="showBlock"
              name="showBlock"
              type="checkbox"
            />
            <div
              class="c-FormLabel"
            >
              <label
                class="c-FormLabel__LabelWrapper"
                for="showBlock"
              >
                <span
                  class="c-FormLabel__Label"
                >
                  Afficher ce bloc
                </span>
              </label>
            </div>
          </div>
          <div
            class="WelcomeAndSearchEngineTab__SubGroup_title"
          >
            <div
              class="c-FormInput"
            >
              <div
                class="c-FormLabel"
              >
                <label
                  class="c-FormLabel__LabelWrapper"
                  for="title"
                >
                  <span
                    class="c-FormLabel__Label"
                  >
                    Titre *
                  </span>
                  <span
                    class="c-FormLabel__Validation"
                  >
                    40 caractères maximum
                  </span>
                </label>
                <div
                  class="c-FormLabel__Content"
                >
                  <input
                    aria-errormessage="title_error"
                    aria-invalid="false"
                    class="c-FormInput__Input"
                    data-testid="form-input"
                    disabled=""
                    id="title"
                    maxlength="40"
                    name="title"
                    type="text"
                    value="Title"
                  />
                </div>
              </div>
            </div>
          </div>
          <div
            class="WelcomeAndSearchEngineTab__SubGroup_subtitle"
          >
            <div
              class="c-FormInput"
            >
              <div
                class="c-FormLabel"
              >
                <label
                  class="c-FormLabel__LabelWrapper"
                  for="subtitle"
                >
                  <span
                    class="c-FormLabel__Label"
                  >
                    Sous titre *
                  </span>
                  <span
                    class="c-FormLabel__Validation"
                  >
                    100 caractères maximum
                  </span>
                </label>
                <div
                  class="c-FormLabel__Content"
                >
                  <input
                    aria-errormessage="subtitle_error"
                    aria-invalid="false"
                    class="c-FormInput__Input"
                    data-testid="form-input"
                    disabled=""
                    id="subtitle"
                    maxlength="100"
                    name="subtitle"
                    type="text"
                    value="Subtitle"
                  />
                </div>
              </div>
            </div>
          </div>
        </div>
      </div>
      <div
        class="c-WelcomeAndSearchEngineTab__Group"
      >
        <h2
          class="c-WelcomeAndSearchEngineTab__Title"
        >
          Moteur de recherche
        </h2>
        <div
          class="c-WelcomeAndSearchEngineTab__SubGroup c-WelcomeAndSearchEngineTab__SubGroup_short"
        >
          <div
            class="c-FormInput"
          >
            <div
              class="c-FormLabel"
            >
              <label
                class="c-FormLabel__LabelWrapper"
                for="titleContent"
              >
                <span
                  class="c-FormLabel__Label"
                >
                  Texte affiché dans le moteur de recherche principal (haut de page) *
                </span>
                <span
                  class="c-FormLabel__Validation"
                >
                  30 caractères maximum
                </span>
              </label>
              <div
                class="c-FormLabel__Content"
              >
                <input
                  aria-errormessage="titleContent_error"
                  aria-invalid="false"
                  class="c-FormInput__Input"
                  data-testid="form-input"
                  disabled=""
                  id="titleContent"
                  maxlength="30"
                  name="titleContent"
                  type="text"
                  value="Titre modifié"
                />
              </div>
            </div>
          </div>
        </div>
      </div>
      <div
        class="c-WelcomeAndSearchEngineTab__Buttons"
      >
        <button
          class="c-CommonButton c-CommonButton_disabled c-CommonButton_primary c-CommonButton_fontSmall"
          disabled=""
          type="submit"
        >
          <div
            class="c-CommonButton__Picto c-CommonButton__Picto_check"
          />
          Enregistrer les modifications
        </button>
        <button
          class="c-CommonButton c-CommonButton_disabled c-CommonButton_secondary c-CommonButton_fontSmall"
          disabled=""
          type="button"
        >
          <div
            class="c-CommonButton__Picto c-CommonButton__Picto_cross"
          />
          Annuler les modifications
        </button>
      </div>
    </form>
  </div>
</div>
`;
